// Jest Snapshot v1, https://goo.gl/fbAQLP

exports[`<SpaceAddMember /> matches snapshots 1`] = `
<Styled(Container)>
  <Styled(Header)
    bordered={true}
  >
    <Styled(Left)>
      <Styled(Button)
        onPress={[Function]}
        primary={true}
        transparent={true}
      >
        <Styled(Icon)
          name="arrow-back"
        />
      </Styled(Button)>
    </Styled(Left)>
    <Styled(Body)>
      <Styled(Title)>
        Add Members
      </Styled(Title)>
    </Styled(Body)>
    <Styled(Right)>
      <Styled(Button)
        onPress={[Function]}
        primary={true}
        transparent={true}
      >
        <Styled(Text)
          primary={true}
        >
          Done
        </Styled(Text)>
      </Styled(Button)>
    </Styled(Right)>
  </Styled(Header)>
  <Styled(Content)
    keyboardShouldPersistTaps="handled"
  >
    <Styled(List)>
      <Search
        backgroundColor="transparent"
        blurOnSubmit={false}
        editable={true}
        keyboardShouldPersist={false}
        placeholderCollapsedMargin={15}
        placeholderExpandedMargin={20}
        searchIconCollapsedMargin={25}
        searchIconExpandedMargin={10}
        shadowColor="#000"
        shadowOffsetHeightCollapsed={2}
        shadowOffsetHeightExpanded={4}
        shadowOffsetWidth={0}
        shadowOpacityCollapsed={0.12}
        shadowOpacityExpanded={0.24}
        shadowRadius={4}
        shadowVisible={false}
        titleCancelColor="black"
      />
      <Styled(ListItem)
        avatar={true}
        icon={true}
        last={false}
        onPress={[Function]}
      >
        <Styled(Body)>
          <Styled(Text)>
            my image
          </Styled(Text)>
        </Styled(Body)>
        <Styled(Right)>
          <Styled(Icon)
            name="checkmark-circle"
            primary={true}
          />
        </Styled(Right)>
      </Styled(ListItem)>
      <Styled(ListItem)
        avatar={true}
        icon={true}
        last={false}
        onPress={[Function]}
      >
        <Styled(Body)>
          <Styled(Text)>
            my image 2
          </Styled(Text)>
        </Styled(Body)>
        <Styled(Right)>
          <Styled(Icon)
            active={true}
            name="checkmark-circle"
            primary={true}
          />
        </Styled(Right)>
      </Styled(ListItem)>
      <Styled(ListItem)
        avatar={true}
        icon={true}
        last={true}
        onPress={[Function]}
      >
        <Styled(Body)>
          <Styled(Text)>
            my image 3
          </Styled(Text)>
        </Styled(Body)>
        <Styled(Right)>
          <Styled(Icon)
            name="checkmark-circle"
            primary={true}
          />
        </Styled(Right)>
      </Styled(ListItem)>
    </Styled(List)>
  </Styled(Content)>
</Styled(Container)>
`;
